// Vitest Snapshot v1, https://vitest.dev/guide/snapshot.html

exports[`TreeView Snapshot tests > renders the component with default props and children 1`] = `
<div>
  <div
    class="_tree-view_1dn67_2"
    data-ods="tree-view"
    data-part="root"
    data-scope="tree-view"
    dir="ltr"
    id="tree::r0::root"
  >
    <div
      aria-label="Tree View"
      aria-labelledby="tree::r0::label"
      data-part="tree"
      data-scope="tree-view"
      dir="ltr"
      id="tree::r0::tree"
      role="tree"
      tabindex="-1"
    >
      <div
        class="_tree-view-nodes_1hk4c_2"
        data-ods="tree-view-nodes"
      >
        <div
          aria-disabled="false"
          aria-expanded="false"
          aria-level="1"
          aria-selected="false"
          data-branch="src"
          data-depth="1"
          data-ods="tree-view-node-branch"
          data-ownedby="tree::r0::tree"
          data-part="branch"
          data-path="0"
          data-scope="tree-view"
          data-state="closed"
          data-value="src"
          dir="ltr"
          id="collapsible::r1:"
          role="treeitem"
          style="--depth: 1;"
        >
          <div
            aria-disabled="false"
            class="_tree-view-node-branch__control_q2e1u_2"
            data-depth="1"
            data-focus=""
            data-part="branch-control"
            data-path="0"
            data-scope="tree-view"
            data-state="closed"
            data-value="src"
            dir="ltr"
            id="tree::r0::node:src"
            role="group"
            tabindex="0"
          >
            <div
              aria-hidden="true"
              class="_tree-view-node-branch__control__chevron_q2e1u_42"
              data-focus=""
              data-part="branch-indicator"
              data-scope="tree-view"
              data-state="closed"
            >
              <span
                class="_icon_10c23_2 _icon--chevron-right_10c23_97"
                data-ods="icon"
                role="presentation"
              />
            </div>
            <span
              data-part="branch-text"
              data-scope="tree-view"
              data-state="closed"
              dir="ltr"
            >
              src
            </span>
          </div>
          <div
            class="_tree-view-node-branch__control__children_q2e1u_54"
            data-collapsible=""
            data-depth="1"
            data-part="branch-content"
            data-path="0"
            data-scope="tree-view"
            data-state="closed"
            data-value="src"
            dir="ltr"
            hidden=""
            id="collapsible::r1::content"
            role="group"
            style="--height: 0px; --width: 0px;"
          >
            <div
              data-depth="1"
              data-part="branch-indent-guide"
              data-scope="tree-view"
            />
            <div
              aria-disabled="false"
              aria-level="2"
              aria-selected="false"
              class="_tree-view-node-item_1ktxc_2"
              data-depth="2"
              data-ods="tree-view-node-item"
              data-ownedby="tree::r0::tree"
              data-part="item"
              data-path="0/0"
              data-scope="tree-view"
              data-value="app.tsx"
              dir="ltr"
              id="tree::r0::node:app.tsx"
              role="treeitem"
              style="--depth: 2;"
              tabindex="-1"
            >
              <span
                data-part="item-text"
                data-scope="tree-view"
              >
                app.tsx
              </span>
            </div>
            <div
              aria-disabled="false"
              aria-level="2"
              aria-selected="false"
              class="_tree-view-node-item_1ktxc_2"
              data-depth="2"
              data-ods="tree-view-node-item"
              data-ownedby="tree::r0::tree"
              data-part="item"
              data-path="0/1"
              data-scope="tree-view"
              data-value="index.ts"
              dir="ltr"
              id="tree::r0::node:index.ts"
              role="treeitem"
              style="--depth: 2;"
              tabindex="-1"
            >
              <span
                data-part="item-text"
                data-scope="tree-view"
              >
                index.ts
              </span>
            </div>
            <div
              aria-disabled="false"
              aria-expanded="false"
              aria-level="2"
              aria-selected="false"
              data-branch="components"
              data-depth="2"
              data-ods="tree-view-node-branch"
              data-ownedby="tree::r0::tree"
              data-part="branch"
              data-path="0/2"
              data-scope="tree-view"
              data-state="closed"
              data-value="components"
              dir="ltr"
              id="collapsible::r2:"
              role="treeitem"
              style="--depth: 2;"
            >
              <div
                aria-disabled="false"
                class="_tree-view-node-branch__control_q2e1u_2"
                data-depth="2"
                data-part="branch-control"
                data-path="0/2"
                data-scope="tree-view"
                data-state="closed"
                data-value="components"
                dir="ltr"
                id="tree::r0::node:components"
                role="group"
                tabindex="-1"
              >
                <div
                  aria-hidden="true"
                  class="_tree-view-node-branch__control__chevron_q2e1u_42"
                  data-part="branch-indicator"
                  data-scope="tree-view"
                  data-state="closed"
                >
                  <span
                    class="_icon_10c23_2 _icon--chevron-right_10c23_97"
                    data-ods="icon"
                    role="presentation"
                  />
                </div>
                <span
                  data-part="branch-text"
                  data-scope="tree-view"
                  data-state="closed"
                  dir="ltr"
                >
                  components
                </span>
              </div>
              <div
                class="_tree-view-node-branch__control__children_q2e1u_54"
                data-collapsible=""
                data-depth="2"
                data-part="branch-content"
                data-path="0/2"
                data-scope="tree-view"
                data-state="closed"
                data-value="components"
                dir="ltr"
                hidden=""
                id="collapsible::r2::content"
                role="group"
                style="--height: 0px; --width: 0px;"
              >
                <div
                  data-depth="2"
                  data-part="branch-indent-guide"
                  data-scope="tree-view"
                />
                <div
                  aria-disabled="false"
                  aria-level="3"
                  aria-selected="false"
                  class="_tree-view-node-item_1ktxc_2"
                  data-depth="3"
                  data-ods="tree-view-node-item"
                  data-ownedby="tree::r0::tree"
                  data-part="item"
                  data-path="0/2/0"
                  data-scope="tree-view"
                  data-value="Button.tsx"
                  dir="ltr"
                  id="tree::r0::node:Button.tsx"
                  role="treeitem"
                  style="--depth: 3;"
                  tabindex="-1"
                >
                  <span
                    data-part="item-text"
                    data-scope="tree-view"
                  >
                    Button.tsx
                  </span>
                </div>
                <div
                  aria-disabled="false"
                  aria-level="3"
                  aria-selected="false"
                  class="_tree-view-node-item_1ktxc_2"
                  data-depth="3"
                  data-ods="tree-view-node-item"
                  data-ownedby="tree::r0::tree"
                  data-part="item"
                  data-path="0/2/1"
                  data-scope="tree-view"
                  data-value="Card.tsx"
                  dir="ltr"
                  id="tree::r0::node:Card.tsx"
                  role="treeitem"
                  style="--depth: 3;"
                  tabindex="-1"
                >
                  <span
                    data-part="item-text"
                    data-scope="tree-view"
                  >
                    Card.tsx
                  </span>
                </div>
              </div>
            </div>
          </div>
        </div>
        <div
          aria-disabled="false"
          aria-level="1"
          aria-selected="false"
          class="_tree-view-node-item_1ktxc_2"
          data-depth="1"
          data-ods="tree-view-node-item"
          data-ownedby="tree::r0::tree"
          data-part="item"
          data-path="1"
          data-scope="tree-view"
          data-value="package.json"
          dir="ltr"
          id="tree::r0::node:package.json"
          role="treeitem"
          style="--depth: 1;"
          tabindex="-1"
        >
          <span
            data-part="item-text"
            data-scope="tree-view"
          >
            package.json
          </span>
        </div>
        <div
          aria-disabled="false"
          aria-level="1"
          aria-selected="false"
          class="_tree-view-node-item_1ktxc_2"
          data-depth="1"
          data-ods="tree-view-node-item"
          data-ownedby="tree::r0::tree"
          data-part="item"
          data-path="2"
          data-scope="tree-view"
          data-value="readme.md"
          dir="ltr"
          id="tree::r0::node:readme.md"
          role="treeitem"
          style="--depth: 1;"
          tabindex="-1"
        >
          <span
            data-part="item-text"
            data-scope="tree-view"
          >
            README.md
          </span>
        </div>
      </div>
    </div>
  </div>
</div>
`;
