// Jest Snapshot v1, https://goo.gl/fbAQLP

exports[`specs:msc-tail-logs renders colors according to the log type 1`] = `"<table class=\\"msc-tail-logs-table-wrapper\\"><thead><tr><th>Timestamp</th><th>hostname</th><th>message</th></tr></thead><tbody><tr><td><osds-text level=\\"caption\\" size=\\"200\\" color=\\"warning\\">2023-08-07T13:44:43.000Z</osds-text></td><td><osds-text level=\\"caption\\" size=\\"200\\" color=\\"warning\\">your database server 1</osds-text></td><td><osds-text level=\\"caption\\" size=\\"200\\" color=\\"warning\\">WARNING - ACCESS - Client has attempted to reauthenticate as a single user {\\"user\\":{\\"db\\":\\"local\\",\\"user\\":\\"__system\\"}}</osds-text></td></tr><tr><td><osds-text level=\\"caption\\" size=\\"200\\" color=\\"error\\">2023-08-07T13:44:44.000Z</osds-text></td><td><osds-text level=\\"caption\\" size=\\"200\\" color=\\"error\\">your database server 1</osds-text></td><td><osds-text level=\\"caption\\" size=\\"200\\" color=\\"error\\">CRIT - You are disconnected on your database mongoDB</osds-text></td></tr><tr><td><osds-text level=\\"caption\\" size=\\"200\\" color=\\"default\\">2023-08-07T13:44:45.000Z</osds-text></td><td><osds-text level=\\"caption\\" size=\\"200\\" color=\\"default\\">your database server 1</osds-text></td><td><osds-text level=\\"caption\\" size=\\"200\\" color=\\"default\\">DEBUG - You are connected on your database mongoDB</osds-text></td></tr><tr><td><osds-text level=\\"caption\\" size=\\"200\\" color=\\"info\\">2023-08-07T13:44:46.000Z</osds-text></td><td><osds-text level=\\"caption\\" size=\\"200\\" color=\\"info\\">your database server 1</osds-text></td><td><osds-text level=\\"caption\\" size=\\"200\\" color=\\"info\\">INFO - You are connected on your database mongoDB</osds-text></td></tr><tr><td><osds-text level=\\"caption\\" size=\\"200\\" color=\\"info\\">2023-08-07T13:44:47.000Z</osds-text></td><td><osds-text level=\\"caption\\" size=\\"200\\" color=\\"info\\">your database server 1</osds-text></td><td><osds-text level=\\"caption\\" size=\\"200\\" color=\\"info\\">INFO - You are connected on your database mongoDB</osds-text></td></tr><tr><td><osds-text level=\\"caption\\" size=\\"200\\" color=\\"info\\">2023-08-07T13:44:48.000Z</osds-text></td><td><osds-text level=\\"caption\\" size=\\"200\\" color=\\"info\\">your database server 1</osds-text></td><td><osds-text level=\\"caption\\" size=\\"200\\" color=\\"info\\">INFO - You are connected on your database mongoDB</osds-text></td></tr></tbody></table>"`;

exports[`specs:msc-tail-logs renders without error 1`] = `"<table class=\\"msc-tail-logs-table-wrapper\\"><thead><tr><th>Timestamp</th><th>hostname</th><th>message</th></tr></thead><tbody><tr><td><osds-text level=\\"caption\\" size=\\"200\\" color=\\"info\\">2023-08-07T13:44:49.000Z</osds-text></td><td><osds-text level=\\"caption\\" size=\\"200\\" color=\\"info\\">your database server 1</osds-text></td><td><osds-text level=\\"caption\\" size=\\"200\\" color=\\"info\\">INFO - You are connected on your database mongoDB</osds-text></td></tr><tr><td><osds-text level=\\"caption\\" size=\\"200\\" color=\\"info\\">2023-08-07T13:44:48.000Z</osds-text></td><td><osds-text level=\\"caption\\" size=\\"200\\" color=\\"info\\">your database server 1</osds-text></td><td><osds-text level=\\"caption\\" size=\\"200\\" color=\\"info\\">INFO - You are connected on your database mongoDB</osds-text></td></tr><tr><td><osds-text level=\\"caption\\" size=\\"200\\" color=\\"info\\">2023-08-07T13:44:47.000Z</osds-text></td><td><osds-text level=\\"caption\\" size=\\"200\\" color=\\"info\\">your database server 1</osds-text></td><td><osds-text level=\\"caption\\" size=\\"200\\" color=\\"info\\">INFO - You are connected on your database mongoDB</osds-text></td></tr><tr><td><osds-text level=\\"caption\\" size=\\"200\\" color=\\"info\\">2023-08-07T13:44:46.000Z</osds-text></td><td><osds-text level=\\"caption\\" size=\\"200\\" color=\\"info\\">your database server 1</osds-text></td><td><osds-text level=\\"caption\\" size=\\"200\\" color=\\"info\\">INFO - You are connected on your database mongoDB</osds-text></td></tr><tr><td><osds-text level=\\"caption\\" size=\\"200\\" color=\\"info\\">2023-08-07T13:44:45.000Z</osds-text></td><td><osds-text level=\\"caption\\" size=\\"200\\" color=\\"info\\">your database server 1</osds-text></td><td><osds-text level=\\"caption\\" size=\\"200\\" color=\\"info\\">INFO - You are connected on your database mongoDB</osds-text></td></tr><tr><td><osds-text level=\\"caption\\" size=\\"200\\" color=\\"info\\">2023-08-07T13:44:44.000Z</osds-text></td><td><osds-text level=\\"caption\\" size=\\"200\\" color=\\"info\\">your database server 1</osds-text></td><td><osds-text level=\\"caption\\" size=\\"200\\" color=\\"info\\">INFO - You are connected on your database mongoDB</osds-text></td></tr></tbody></table>"`;
