// Vitest Snapshot v1, https://vitest.dev/guide/snapshot.html

exports[`OnboardingPage > sould display correctly 1`] = `
<div>
  <ods-spinner
    data-testid="redirectionGuard_spinner"
    size="md"
  />
</div>
`;
