// Vitest Snapshot v1, https://vitest.dev/guide/snapshot.html

exports[`DeploymentModeStep > should display correctly 1`] = `
<div>
  <section
    class="flex flex-row border-0 border-t-[1px] border-solid border-t-[--ods-color-neutral-100] pt-5 mb-5"
  >
    <div
      class="basis-[40px]"
    >
      <div
        class="flex justify-center items-center font-bold border-2 border-solid rounded-full h-10 w-10 border-[--ods-color-neutral-500]"
      >
        <span
          class="font-semibold text-[16px] leading-[20px] text-[--ods-color-neutral-500]"
        >
          2
        </span>
      </div>
    </div>
    <div
      class="basis-full px-5"
    >
      <div
        class="flex flex-col md:flex-row"
      >
        <div
          class="font-normal leading-[43px] p-0 m-0 w-full md:w-5/6 text-[20px] text-[--ods-color-neutral-500]"
        >
          pci_projects_project_storages_containers_deployment_mode_title
        </div>
      </div>
    </div>
  </section>
</div>
`;
