// Vitest Snapshot v1, https://vitest.dev/guide/snapshot.html

exports[`NodePools > should show spinner if nodepools are loading 1`] = `
<div>
  <div
    class="sm:flex items-center justify-between mt-4"
  >
    <div
      class="flex flex-row"
    >
      <osds-button
        class="xs:mb-0.5 sm:mb-0"
        color="primary"
        size="sm"
        variant="stroked"
      >
        kube_node_pool_add
      </osds-button>
      <osds-button
        class="xs:mb-0.5 sm:mb-0 ml-0.5"
        color="primary"
        data-testid="refresh-button"
        size="sm"
        variant="stroked"
      >
        <osds-icon
          class="mr-2"
          color="primary"
          name="refresh"
          size="xs"
        />
      </osds-button>
    </div>
    <div
      class="justify-between flex"
    >
      <osds-search-bar
        class="w-[70%]"
        value=""
      />
      <osds-popover>
        <osds-button
          color="primary"
          size="sm"
          slot="popover-trigger"
          variant="stroked"
        >
          <osds-icon
            class="mr-2"
            color="primary"
            name="filter"
            size="xs"
          />
          common_criteria_adder_filter_label
        </osds-button>
        <osds-popover-content>
          <osds-form-field>
            <div
              slot="label"
            >
              <osds-text
                color="text"
                level="heading"
              >
                common_criteria_adder_column_label
              </osds-text>
            </div>
            <osds-select
              data-testid="add-filter_select_idColumn"
              value="name"
            >
              <osds-select-option
                value="name"
              >
                kube_node_pool_name
              </osds-select-option>
              <osds-select-option
                value="flavor"
              >
                kube_nodes_flavor
              </osds-select-option>
              <osds-select-option
                value="autoscale"
              >
                Autoscaling
              </osds-select-option>
              <osds-select-option
                value="monthlyBilled"
              >
                kube_node_pool_monthly_billing
              </osds-select-option>
              <osds-select-option
                value="createdAt"
              >
                kube_node_pool_creation_date
              </osds-select-option>
            </osds-select>
          </osds-form-field>
          <osds-form-field
            class="mt-2"
          >
            <div
              slot="label"
            >
              <osds-text
                color="text"
                level="heading"
              >
                common_criteria_adder_operator_label
              </osds-text>
            </div>
            <osds-select
              value="includes"
            >
              <osds-select-option
                value="includes"
              >
                common_criteria_adder_operator_includes
              </osds-select-option>
              <osds-select-option
                value="starts_with"
              >
                common_criteria_adder_operator_starts_with
              </osds-select-option>
              <osds-select-option
                value="ends_with"
              >
                common_criteria_adder_operator_ends_with
              </osds-select-option>
              <osds-select-option
                value="is_equal"
              >
                common_criteria_adder_operator_is_equal
              </osds-select-option>
              <osds-select-option
                value="is_different"
              >
                common_criteria_adder_operator_is_different
              </osds-select-option>
            </osds-select>
          </osds-form-field>
          <osds-form-field
            class="mt-2"
          >
            <div
              slot="label"
            >
              <osds-text
                color="text"
                level="heading"
              >
                common_criteria_adder_value_label
              </osds-text>
            </div>
            <osds-input
              class="border"
              color="primary"
              data-testid="filter-add_value-input"
              type="text"
              value=""
            />
          </osds-form-field>
          <osds-button
            class="mt-4"
            color="primary"
            data-testid="filter-add_submit"
            disabled="true"
            size="sm"
          >
            common_criteria_adder_submit_label
          </osds-button>
        </osds-popover-content>
      </osds-popover>
    </div>
  </div>
  <div
    class="my-5"
  />
  <div
    class=""
    data-testid="wrapper"
  >
    <osds-spinner
      data-testid="spinner"
      inline="true"
      size="md"
    />
  </div>
  Outlet
</div>
`;
