// Vitest Snapshot v1, https://vitest.dev/guide/snapshot.html

exports[`Card Snapshot tests > renders the component with default props 1`] = `
<div>
  <div
    role="list"
  >
    <div
      class="_card_dzuf6_2 _card--primary_dzuf6_17"
      data-ods="card"
      role="listitem"
    >
      Lorem ipsum dolor sit amet, consectetur adipiscing elit.
      <br />
      Interdum et malesuada fames ac ante ipsum primis in faucibus.
    </div>
    <div
      class="_card_dzuf6_2 _card--primary_dzuf6_17"
      data-ods="card"
      role="listitem"
    >
      Lorem ipsum dolor sit amet, consectetur adipiscing elit.
      <br />
      Interdum et malesuada fames ac ante ipsum primis in faucibus.
    </div>
  </div>
</div>
`;
