// Vitest Snapshot v1, https://vitest.dev/guide/snapshot.html

exports[`ErrorBoundary Tests > should render Error Boundary component when error occurs 1`] = `
<section
  class="mx-auto w-full h-full max-w-[600px] overflow-hidden mx-autogrid p-5"
>
  <img
    alt="OOPS"
    class="w-full"
    src="/public/assets/error-banner-oops.png"
  />
  <h1
    class="_text--heading-1_1aw48_13 pt-2"
    data-ods="text"
  >
     
    Oups ! Une erreur est survenue.
  </h1>
  <h2
    class="_text--heading-2_1aw48_19 pt-1 pb-2"
    data-ods="text"
  >
     
    Une erreur s'est produite, veuillez réessayer plus tard.
  </h2>
  <div
    class="overflow-hidden mt-5 py-2"
  >
    <button
      class="_button_1sbbz_2 _button--primary_1sbbz_99 _button--md_1sbbz_41 _button--ghost_1sbbz_150 error-template-actions w-full"
      data-ods="button"
      data-testid="error-template-action-home"
      type="button"
    >
      Retour à la page d'accueil
    </button>
    <button
      class="_button_1sbbz_2 _button--primary_1sbbz_99 _button--md_1sbbz_41 _button--default_1sbbz_48 error-template-actions w-full"
      data-ods="button"
      data-testid="error-template-action-reload"
      type="button"
    >
      Réessayer
    </button>
  </div>
</section>
`;
