// Vitest Snapshot v1, https://vitest.dev/guide/snapshot.html

exports[`ColdArchiveList > matches snapshot with empty coldArchives 1`] = `
<DocumentFragment>
  <div
    class="my-3"
  >
    <osds-text
      class="mb-5"
      color="text"
      level="body"
      size="400"
    >
      pci_billing_cold_archive_no_entry
    </osds-text>
  </div>
</DocumentFragment>
`;

exports[`ColdArchiveList > matches snapshot with existing coldArchives 1`] = `
<DocumentFragment>
  <div
    class="my-3"
  >
    <div>
      <div
        class="contents px-[1px] "
      >
        <osds-table
          class="overflow-x-visible"
        >
          <!---->
          <table
            class="w-full border-collapse"
          >
            <thead>
              <tr>
                <th
                  class="text-left pl-4 h-11 whitespace-nowrap "
                >
                  <div
                    class=""
                    data-testid="header-region"
                  >
                    <span>
                      <osds-text
                        color="primary"
                        hue="800"
                        level="body"
                        size="500"
                      >
                        pci_billing_cold_archive_region
                      </osds-text>
                    </span>
                    <span
                      class="align-middle inline-block h-4 -mt-6"
                    >
                      <osds-icon
                        class="invisible"
                        color="primary"
                        name="arrow-down"
                        size="xxs"
                      />
                    </span>
                  </div>
                </th>
                <th
                  class="text-left pl-4 h-11 whitespace-nowrap "
                >
                  <div
                    class=""
                    data-testid="header-type"
                  >
                    <span>
                      <osds-text
                        color="primary"
                        hue="800"
                        level="body"
                        size="500"
                      >
                        pci_billing_cold_archive_type
                      </osds-text>
                    </span>
                    <span
                      class="align-middle inline-block h-4 -mt-6"
                    >
                      <osds-icon
                        class="invisible"
                        color="primary"
                        name="arrow-down"
                        size="xxs"
                      />
                    </span>
                  </div>
                </th>
                <th
                  class="text-left pl-4 h-11 whitespace-nowrap "
                >
                  <div
                    class=""
                    data-testid="header-consumption"
                  >
                    <span>
                      <osds-text
                        color="primary"
                        hue="800"
                        level="body"
                        size="500"
                      >
                        pci_billing_cold_archive_consumption
                      </osds-text>
                    </span>
                    <span
                      class="align-middle inline-block h-4 -mt-6"
                    >
                      <osds-icon
                        class="invisible"
                        color="primary"
                        name="arrow-down"
                        size="xxs"
                      />
                    </span>
                  </div>
                </th>
                <th
                  class="text-left pl-4 h-11 whitespace-nowrap "
                >
                  <div
                    class=""
                    data-testid="header-price"
                  >
                    <span>
                      <osds-text
                        color="primary"
                        hue="800"
                        level="body"
                        size="500"
                      >
                        pci_billing_cold_archive_price
                      </osds-text>
                    </span>
                    <span
                      class="align-middle inline-block h-4 -mt-6"
                    >
                      <osds-icon
                        class="invisible"
                        color="primary"
                        name="arrow-down"
                        size="xxs"
                      />
                    </span>
                  </div>
                </th>
              </tr>
            </thead>
            <tbody>
              <tr
                class="border-solid border-[1px] h-[3.25rem] border-[var(--ods-color-blue-200)]"
              >
                <td
                  class="text-left pl-4"
                >
                  <osds-text
                    color="text"
                    level="body"
                  >
                    RBX-ARCHIVE
                  </osds-text>
                </td>
                <td
                  class="text-left pl-4"
                >
                  <div>
                    <osds-text
                      color="text"
                      level="body"
                    >
                      pci_billing_cold_archive_type_archive_label
                    </osds-text>
                  </div>
                </td>
                <td
                  class="text-left pl-4"
                >
                  <osds-text
                    color="text"
                    level="body"
                  >
                    pci_billing_cold_archive_consumption_value_gbih
                  </osds-text>
                </td>
                <td
                  class="text-left pl-4"
                >
                  <osds-text
                    color="text"
                    level="body"
                  >
                    0.00 undefined
                  </osds-text>
                </td>
              </tr>
              <tr
                class="border-solid border-[1px] h-[3.25rem] border-[var(--ods-color-blue-200)]"
              >
                <td
                  class="text-left pl-4"
                >
                  <osds-text
                    color="text"
                    level="body"
                  >
                    RBX-ARCHIVE
                  </osds-text>
                </td>
                <td
                  class="text-left pl-4"
                >
                  <div>
                    <osds-text
                      color="text"
                      level="body"
                    >
                      pci_billing_cold_archive_type_restore_label
                    </osds-text>
                  </div>
                </td>
                <td
                  class="text-left pl-4"
                >
                  <osds-text
                    color="text"
                    level="body"
                  >
                    pci_billing_cold_archive_consumption_value_gbi
                  </osds-text>
                </td>
                <td
                  class="text-left pl-4"
                >
                  <osds-text
                    color="text"
                    level="body"
                  >
                    0.00 undefined
                  </osds-text>
                </td>
              </tr>
              <tr
                class="border-solid border-[1px] h-[3.25rem] border-[var(--ods-color-blue-200)]"
              >
                <td
                  class="text-left pl-4"
                >
                  <osds-text
                    color="text"
                    level="body"
                  >
                    RBX-ARCHIVE
                  </osds-text>
                </td>
                <td
                  class="text-left pl-4"
                >
                  <div>
                    <osds-tooltip>
                      <osds-text
                        color="text"
                        level="body"
                      >
                        pci_billing_cold_archive_type_archive-fees_label
                      </osds-text>
                      <osds-tooltip-content
                        slot="tooltip-content"
                      >
                        <osds-text
                          color="text"
                          level="body"
                          size="100"
                        >
                          pci_billing_cold_archive_type_archive-fees_tooltip_1pci_billing_cold_archive_type_archive-fees_tooltip_2
                        </osds-text>
                      </osds-tooltip-content>
                    </osds-tooltip>
                  </div>
                </td>
                <td
                  class="text-left pl-4"
                >
                  <osds-text
                    color="text"
                    level="body"
                  >
                    pci_billing_cold_archive_consumption_value_gbih
                  </osds-text>
                </td>
                <td
                  class="text-left pl-4"
                >
                  <osds-text
                    color="text"
                    level="body"
                  >
                    0.00 undefined
                  </osds-text>
                </td>
              </tr>
            </tbody>
          </table>
        </osds-table>
      </div>
      <osds-pagination
        class="flex xs:justify-start md:justify-end"
        default-current-page="1"
        default-items-per-page="10"
        total-items="3"
        total-pages="1"
      >
        <span
          class="mr-3"
          slot="before-total-items"
        >
          common_pagination_of
        </span>
        <span
          class="ml-3"
          slot="after-total-items"
        >
          common_pagination_results
        </span>
      </osds-pagination>
    </div>
  </div>
</DocumentFragment>
`;
