// Vitest Snapshot v1, https://vitest.dev/guide/snapshot.html

exports[`OutgoingTrafficList > matches snapshot with empty storages 1`] = `
<DocumentFragment>
  <div
    class="my-3"
  >
    <osds-text
      class="mb-5"
      color="text"
      level="body"
      size="400"
    >
      cpbc_no_consumption_data
    </osds-text>
  </div>
</DocumentFragment>
`;

exports[`OutgoingTrafficList > matches snapshot with existing storages 1`] = `
<DocumentFragment>
  <div
    class="my-3"
  >
    <div>
      <div
        class="contents px-[1px] "
      >
        <osds-table
          class="overflow-x-visible"
        >
          <!---->
          <table
            class="w-full border-collapse"
          >
            <thead>
              <tr>
                <th
                  class="text-left pl-4 h-11 whitespace-nowrap "
                >
                  <div
                    class=""
                    data-testid="header-region"
                  >
                    <span>
                      <osds-text
                        color="primary"
                        hue="800"
                        level="body"
                        size="500"
                      >
                        cpbc_hourly_instance_trafic_region
                      </osds-text>
                    </span>
                    <span
                      class="align-middle inline-block h-4 -mt-6"
                    >
                      <osds-icon
                        class="invisible"
                        color="primary"
                        name="arrow-down"
                        size="xxs"
                      />
                    </span>
                  </div>
                </th>
                <th
                  class="text-left pl-4 h-11 whitespace-nowrap "
                >
                  <div
                    class=""
                    data-testid="header-traffic"
                  >
                    <span>
                      <osds-text
                        color="primary"
                        hue="800"
                        level="body"
                        size="500"
                      >
                        cpbc_hourly_instance_trafic_trafic
                      </osds-text>
                    </span>
                    <span
                      class="align-middle inline-block h-4 -mt-6"
                    >
                      <osds-icon
                        class="invisible"
                        color="primary"
                        name="arrow-down"
                        size="xxs"
                      />
                    </span>
                  </div>
                </th>
                <th
                  class="text-left pl-4 h-11 whitespace-nowrap "
                >
                  <div
                    class=""
                    data-testid="header-price"
                  >
                    <span>
                      <osds-text
                        color="primary"
                        hue="800"
                        level="body"
                        size="500"
                      >
                        cpbc_hourly_instance_trafic_price
                      </osds-text>
                    </span>
                    <span
                      class="align-middle inline-block h-4 -mt-6"
                    >
                      <osds-icon
                        class="invisible"
                        color="primary"
                        name="arrow-down"
                        size="xxs"
                      />
                    </span>
                  </div>
                </th>
              </tr>
            </thead>
            <tbody>
              <tr
                class="border-solid border-[1px] h-[3.25rem] border-[var(--ods-color-blue-200)]"
              >
                <td
                  class="text-left pl-4"
                >
                  <osds-text
                    color="text"
                    level="body"
                  >
                    manager_components_region_SGP_micro
                  </osds-text>
                </td>
                <td
                  class="text-left pl-4"
                >
                  <div>
                    <osds-text
                      color="text"
                      level="body"
                    >
                      7.87/1024 unit_size_GB
                    </osds-text>
                  </div>
                </td>
                <td
                  class="text-left pl-4"
                >
                  <div>
                    <osds-text
                      color="text"
                      level="body"
                    >
                      0 undefined
                    </osds-text>
                  </div>
                </td>
              </tr>
              <tr
                class="border-solid border-[1px] h-[3.25rem] border-[var(--ods-color-blue-200)]"
              >
                <td
                  class="text-left pl-4"
                >
                  <osds-text
                    color="text"
                    level="body"
                  >
                    manager_components_region_MUM_micro
                  </osds-text>
                </td>
                <td
                  class="text-left pl-4"
                >
                  <div>
                    <osds-text
                      color="text"
                      level="body"
                    >
                      cpbc_hourly_instance_trafic_unlimitted
                    </osds-text>
                  </div>
                </td>
                <td
                  class="text-left pl-4"
                >
                  <div>
                    <osds-text
                      color="text"
                      level="body"
                    >
                      cpbc_hourly_instance_trafic_included
                    </osds-text>
                  </div>
                </td>
              </tr>
              <tr
                class="border-solid border-[1px] h-[3.25rem] border-[var(--ods-color-blue-200)]"
              >
                <td
                  class="text-left pl-4"
                >
                  <osds-text
                    color="text"
                    level="body"
                  >
                    manager_components_region_SYD_micro
                  </osds-text>
                </td>
                <td
                  class="text-left pl-4"
                >
                  <div>
                    <osds-text
                      color="text"
                      level="body"
                    >
                      4.39/1024 unit_size_GB
                    </osds-text>
                  </div>
                </td>
                <td
                  class="text-left pl-4"
                >
                  <div>
                    <osds-text
                      color="text"
                      level="body"
                    >
                      0 undefined
                    </osds-text>
                  </div>
                </td>
              </tr>
            </tbody>
          </table>
        </osds-table>
      </div>
      <osds-pagination
        class="flex xs:justify-start md:justify-end"
        default-current-page="1"
        default-items-per-page="10"
        total-items="3"
        total-pages="1"
      >
        <span
          class="mr-3"
          slot="before-total-items"
        >
          common_pagination_of
        </span>
        <span
          class="ml-3"
          slot="after-total-items"
        >
          common_pagination_results
        </span>
      </osds-pagination>
    </div>
  </div>
</DocumentFragment>
`;
