// Vitest Snapshot v1, https://vitest.dev/guide/snapshot.html

exports[`VolumeDetailPopover > matches snapshot 1`] = `
<DocumentFragment>
  <div
    class="flex flex-col gap-3"
  >
    <osds-text
      class="block"
      color="text"
      level="body"
      size="400"
    >
      <strong>
        cpbc_volume_location : 
      </strong>
      region-1
    </osds-text>
    <osds-text
      class="block"
      color="text"
      level="body"
      size="400"
    >
      <strong>
        cpbc_volume_type : 
      </strong>
      type-1
    </osds-text>
    <osds-text
      class="block"
      color="text"
      level="body"
      size="400"
    >
      <strong>
        cpbc_volume_size : 
      </strong>
    </osds-text>
    <osds-text
      class="block"
      color="text"
      level="body"
      size="400"
    >
      <strong>
        cpbc_volume_state : 
      </strong>
      cloud_common_state_enabled
    </osds-text>
  </div>
</DocumentFragment>
`;
