// Vitest Snapshot v1, https://vitest.dev/guide/snapshot.html

exports[`Timepicker Snapshot tests > renders the component with default props and children 1`] = `
<div>
  <div
    class="_timepicker_10n31_2"
    data-ods="timepicker"
    role="group"
  >
    Hello
  </div>
</div>
`;
