// Vitest Snapshot v1, https://vitest.dev/guide/snapshot.html

exports[`AddObjectPage > should display correctly 1`] = `
<div>
  <ods-modal
    color="information"
    data-testid="pciModal-modal"
    is-open="true"
  >
    <ods-text
      preset="heading-3"
    >
      pci_projects_project_storages_containers_container_object_add_object_title
    </ods-text>
    <slot
      name="content"
    >
      <ods-spinner
        class="block text-center mt-6 mb-8"
        data-testid="pciModal-spinner"
        size="md"
      />
    </slot>
    <ods-button
      color="primary"
      data-testid="pciModal-button_cancel"
      is-disabled="true"
      label="pci_projects_project_storages_containers_container_object_add_cancel_label"
      slot="actions"
      variant="ghost"
    />
    <ods-button
      color="primary"
      data-testid="pciModal-button_submit"
      is-disabled="true"
      label="pci_projects_project_storages_containers_container_object_add_submit_label"
      slot="actions"
    />
  </ods-modal>
</div>
`;
