// Vitest Snapshot v1, https://vitest.dev/guide/snapshot.html

exports[`Switch Snapshot tests > renders the component with default props 1`] = `
<div>
  <div
    class="_switch_r3co3_2 _switch--md_r3co3_14"
    data-ods="switch"
    data-orientation="horizontal"
    data-part="root"
    data-scope="toggle-group"
    dir="ltr"
    id="toggle-group::r0:"
    role="radiogroup"
    style="outline: none;"
    tabindex="0"
  >
    <button
      aria-checked="false"
      class="_switch-item_15c64_2"
      data-ods="switch-item"
      data-orientation="horizontal"
      data-ownedby="toggle-group::r0:"
      data-part="item"
      data-scope="toggle-group"
      data-state="off"
      dir="ltr"
      id="toggle-group::r0::item-1"
      role="radio"
      tabindex="-1"
      type="button"
    >
      Item 1
    </button>
    <button
      aria-checked="false"
      class="_switch-item_15c64_2"
      data-ods="switch-item"
      data-orientation="horizontal"
      data-ownedby="toggle-group::r0:"
      data-part="item"
      data-scope="toggle-group"
      data-state="off"
      dir="ltr"
      id="toggle-group::r0::item-2"
      role="radio"
      tabindex="-1"
      type="button"
    >
      Item 2
    </button>
    <button
      aria-checked="false"
      class="_switch-item_15c64_2"
      data-ods="switch-item"
      data-orientation="horizontal"
      data-ownedby="toggle-group::r0:"
      data-part="item"
      data-scope="toggle-group"
      data-state="off"
      dir="ltr"
      id="toggle-group::r0::item-3"
      role="radio"
      tabindex="-1"
      type="button"
    >
      Item 3
    </button>
  </div>
</div>
`;
