// Vitest Snapshot v1, https://vitest.dev/guide/snapshot.html

exports[`Password Snapshot tests > renders the component with default props 1`] = `
<div>
  <div
    class="_input_ff5b7_2 _input--with-actions_ff5b7_38"
    role="group"
  >
    <input
      aria-busy="false"
      class="_input__field_ff5b7_41"
      data-ods="password"
      id=":r0:"
      type="password"
      value=""
    />
    <div
      class="_input-actions_ke1hx_2"
    >
      <button
        aria-controls=":r0:"
        aria-label="Show password"
        class="_button_1koyw_2 _button--primary_1koyw_100 _button--xs_1koyw_25 _button--ghost_1koyw_151"
        data-ods="button"
        type="button"
      >
        <span
          class="_icon_10c23_2 _icon--eye-off_10c23_238"
          data-ods="icon"
          role="presentation"
        />
      </button>
    </div>
  </div>
  <div
    class="_input_ff5b7_2 _input--with-actions_ff5b7_38"
    data-disabled="true"
    role="group"
  >
    <input
      aria-busy="false"
      class="_input__field_ff5b7_41"
      data-ods="password"
      disabled=""
      id=":r1:"
      type="password"
      value=""
    />
    <div
      class="_input-actions_ke1hx_2"
    >
      <button
        aria-controls=":r1:"
        aria-label="Show password"
        class="_button_1koyw_2 _button--primary_1koyw_100 _button--xs_1koyw_25 _button--ghost_1koyw_151"
        data-ods="button"
        disabled=""
        type="button"
      >
        <span
          class="_icon_10c23_2 _icon--eye-off_10c23_238"
          data-ods="icon"
          role="presentation"
        />
      </button>
    </div>
  </div>
  <div
    class="_input_ff5b7_2 _input--with-actions_ff5b7_38"
    data-readonly="true"
    role="group"
  >
    <input
      aria-busy="false"
      class="_input__field_ff5b7_41"
      data-ods="password"
      id=":r2:"
      readonly=""
      type="password"
      value="Readonly"
    />
    <div
      class="_input-actions_ke1hx_2"
    >
      <button
        aria-controls=":r2:"
        aria-label="Show password"
        class="_button_1koyw_2 _button--primary_1koyw_100 _button--xs_1koyw_25 _button--ghost_1koyw_151"
        data-ods="button"
        type="button"
      >
        <span
          class="_icon_10c23_2 _icon--eye-off_10c23_238"
          data-ods="icon"
          role="presentation"
        />
      </button>
    </div>
  </div>
  <div
    class="_input_ff5b7_2 _input--with-actions_ff5b7_38"
    role="group"
  >
    <input
      aria-busy="false"
      class="_input__field_ff5b7_41"
      data-ods="password"
      id=":r3:"
      type="password"
      value="Clearable"
    />
    <div
      class="_input-actions_ke1hx_2"
    >
      <button
        aria-controls=":r3:"
        aria-label="Clear input"
        class="_button_1koyw_2 _button--neutral_1koyw_83 _button--xs_1koyw_25 _button--ghost_1koyw_151"
        data-ods="button"
        type="button"
      >
        <span
          class="_icon_10c23_2 _icon--xmark_10c23_562"
          data-ods="icon"
          role="presentation"
        />
      </button>
      <button
        aria-controls=":r3:"
        aria-label="Show password"
        class="_button_1koyw_2 _button--primary_1koyw_100 _button--xs_1koyw_25 _button--ghost_1koyw_151"
        data-ods="button"
        type="button"
      >
        <span
          class="_icon_10c23_2 _icon--eye-off_10c23_238"
          data-ods="icon"
          role="presentation"
        />
      </button>
    </div>
  </div>
</div>
`;
