// Vitest Snapshot v1, https://vitest.dev/guide/snapshot.html

exports[`Textarea Snapshot tests > renders the component with default props 1`] = `
<div>
  <textarea
    class="_textarea_mmrrg_2"
    data-ods="textarea"
  />
  <textarea
    class="_textarea_mmrrg_2"
    data-ods="textarea"
    disabled=""
  />
  <textarea
    class="_textarea_mmrrg_2"
    data-ods="textarea"
    readonly=""
  >
    Readonly
  </textarea>
  <textarea
    class="_textarea_mmrrg_2"
    data-ods="textarea"
    style="resize: both;"
  />
</div>
`;
